# DARPA/DoD Hardware Reliability Funding, SBIR Timelines, and EDA Startup Case Studies

**Research Date: March 2026**

---

## Part 1: Active DARPA/DoD Programs Funding Silicon Reliability, Post-Silicon Validation, and Hardware Failure Analysis

### 1.1 DARPA Electronics Resurgence Initiative (ERI) 2.0

The original ERI launched in 2017 with $1.5 billion over five years has evolved into **ERI 2.0**, a planned $3 billion over the next five years. The FY2024 budget spans **32 programs totaling $710 million** across five research areas including security of electronic equipment and networks.

- [DARPA ERI 2.0 – IEEE Xplore](https://ieeexplore.ieee.org/document/10607275/)
- [ERI Summit Programs](https://eri-summit.darpa.mil/what-is-eri)

**Key ERI programs directly relevant to testing, reliability, and verification:**

**ASSERT (Advanced Sources for Single-Event Effects Radiation Testing)**
The most directly relevant program to hardware reliability. DARPA MTO issued solicitations for compact alternatives to traditional heavy-ion radiation test facilities, aiming to reduce time from design to radiation-qualified deployment by 10x (5–10 years → 6–12 months). DARPA awarded:
- $18.1M to Northrop Grumman
- $10.6M to RadiaBeam Technologies
- TAU Systems (a Laser Wakefield Accelerator startup) joined the program

Sources: [DARPA ASSERT](https://www.darpa.mil/research/programs/assert-alternative-sources) | [TAU Systems](https://www.tausystems.com/news-center/darpa-project/) | [Military Aerospace](https://www.militaryaerospace.com/computers/article/55016960/northrop-grumman-corp-radiation-hardened-single-event-effects-testing)

**NGMM (Next-Generation Microelectronics Manufacturing)**
Phase 2 will emphasize "automating essential processes" including standardization, fabrication, assembly, and **testing** of diverse R&D designs. DARPA committed $1.4B total. Phase 1 awarded July 2024 to UT Austin's Texas Institute for Electronics.

Sources: [DARPA NGMM](https://www.darpa.mil/research/programs/next-generation-microelectronics) | [DARPA announcement](https://www.darpa.mil/news/2024/next-gen-microelectronics-manufacturing)

**POSH (Posh Open Source Hardware)** — Completed, $35M
Developed validation/verification tools for mathematical inspection of analog and digital IP, including simulation and emulation technologies for proof of functionality and security. Synopsys, Sandia, Stanford, SiFive were major performers. OpenROAD emerged as a direct spinout.

Sources: [DARPA POSH](https://www.darpa.mil/research/programs/posh-open-source-hardware) | [Linux.com](https://www.linux.com/topic/embedded-iot/darpa-drops-35-million-posh-open-source-hardware-project/)

**AISS (Automatic Implementation of Secure Silicon)**
Automates incorporation of security mechanisms into chip design flows addressing four silicon security vulnerabilities: side-channel attacks, hardware Trojans, reverse engineering, and supply chain attacks. Performers: Synopsys, Arm, Boeing, IBM.

Source: [Synopsys/DARPA AISS](https://www.synopsys.com/blogs/chip-design/secure-chipset-design-in-darpa.html)

---

### 1.2 DARPA ISAT (Information Science and Technology Study Group)

**ISAT does not issue direct funding** — it produces classified and unclassified study reports that inform future DARPA BAAs. No specific ISAT study on hardware reliability has been publicly announced for 2024–2026. ISAT studies typically precede program launches by 1–2 years, so any current work on this topic represents future program seeds rather than near-term funding.

Source: [Vanderbilt ISAT 2024 appointment](https://engineering.vanderbilt.edu/2024/05/31/wisniewski-named-to-darpa-isat-study-group-to-assess-future-research-directions-in-computer-science/)

---

### 1.3 CHIPS Act Programs (NIST, CHIPS R&D Office)

The CHIPS and Science Act of 2022 provided $50B to Commerce, with $11B directed to the CHIPS R&D Office.

**CHIPS Metrology SBIR Program — Most relevant to a startup**
In April 2024, CHIPS for America announced a **$54M SBIR funding opportunity** specifically targeting small businesses for semiconductor measurement services, tools, and instrumentation:
- Phase I awards: up to $283,500
- Phase II awards: up to $1,910,000
- In September 2024, ~$5M was awarded to 17 small businesses across 9 states, all eligible for Phase II in Spring 2025
- Topics include: measurement services for semiconductor manufacturing, novel **assurance and provenance technologies**, and advanced metrology R&D testbeds

**The "assurance and provenance technologies" subtopic is directly applicable to post-silicon validation and failure analysis.**

Sources: [NIST announcement](https://www.nist.gov/news-events/news/2024/04/chips-america-announces-over-50-million-funding-opportunity-encourage-small) | [NIST FAQ](https://www.nist.gov/chips/frequently-asked-questions-chips-metrology-sbir-funding-opportunity) | [NIST awards](https://www.nist.gov/news-events/news/2024/09/biden-harris-administration-awards-nearly-5-million-small-businesses-bring)

**CHIPS Manufacturing USA Institute** — January 2025, SRC awarded $285M to build an institute focused on digital twins for semiconductor manufacturing and **validation of those digital twins** in a physical prototyping facility. Digital twin validation is directly adjacent to post-silicon validation tooling.

Source: [Federal Register](https://www.federalregister.gov/documents/2024/02/01/2024-02025/chips-manufacturing-usa-institute)

**CHIPS BAA 2025** — September 2025, CHIPS R&D Office released BAA No. 2025-NIST-CHIPS-CRDO-01.

Source: [Inside Government Contracts](https://www.insidegovernmentcontracts.com/2025/11/u-s-department-of-commerce-opens-new-funding-opportunity-for-semiconductor-rd/)

---

### 1.4 DoD Trusted Foundry Programs (DMEA / TAPO / AFRL)

DMEA's **Trusted Access Program Office (TAPO)** accredits suppliers across the full semiconductor supply chain including **test services**. An active research paper (2024/2025) describes a workflow for "Applying a Trusted Microelectronics Post-Silicon Verification & Validation Workflow to Legacy Integrated Circuit Design Recovery" — indicating funded work at the intersection of DMEA and post-silicon validation.

The **Air Force Research Laboratory (AFRL)** ran the **Assured and Trusted Microelectronics Solutions (ATMS)** program explicitly listing research interests in:
- Embedded ASIC structures to assist in post-fabrication analysis
- Non-destructive test techniques
- Algorithms to reduce analysis time
- **Fusion technologies capitalizing on multiple data sets**

Battelle won $16.6M in AFRL contracts for microelectronics security work.

Sources: [DMEA Trusted Supplier Program](https://www.acq.osd.mil/asds/dmea/tapo/trusted-supplier-programs.html) | [Post-Silicon V&V paper](https://www.researchgate.net/publication/387116620_Applying_a_Trusted_Microelectronics_Post-Silicon_Verification_Validation_Workflow_to_Legacy_Integrated_Circuit_Design_Recovery) | [Battelle AFRL](https://www.battelle.org/insights/newsroom/press-release-details/battelle-team-wins-16.6-million-in-contract-awards-for-microelectronics-security-from-air-force-research-laboratory)

---

### 1.5 SBIR/STTR Opportunities

**SBIR Reauthorization Status:** Authorization expired September 30, 2025. The Senate passed reauthorization unanimously on March 3, 2026; House passed March 17, 2026, extending programs through **FY2031**. New solicitations are expected to resume imminently.

**DARPA Microsystems Exploration (μE):**
- Awards up to $2M, 24 months
- Open rolling solicitation, DARPA-PA-25-01: October 2024–October 2025
- Uses OTA structure (lower overhead)
- DARPA commits to notifying proposers within 90 days

Source: [simpler.grants.gov](https://simpler.grants.gov/opportunity/354134)

**NSF SBIR Semiconductors:**
Subtopics include Integrated Circuit Design (S3), Processing and Metrology Technology (S6), and Novel Semiconductor-based Sensors (S5).
- Phase I: ~$300K
- Phase II: up to $1.25M

Source: [NSF SBIR Semiconductors](https://seedfund.nsf.gov/topics/semiconductors/)

**DARPA TTO BAA 2025 (HR001125S0011):**
Includes a "Design/Build/Buy" focus area calling for "new approaches to testing and validation that dramatically shorten the timeline from initial delivery to full military utility." Proposals accepted rolling through June 22, 2026.

Source: [SAM.gov TTO BAA](https://sam.gov/opp/109aceb76198452b91f8ecce72b4890b/view)

---

## Part 2: Realistic Timeline and Overhead for a 2–5 Person Startup

### 2.1 SBIR Phase I: Proposal to Award Timeline

| Stage | Duration |
|---|---|
| Pre-release (review topics, contact PMs) | 2–4 weeks |
| Proposal writing and submission | 4–6 weeks after open |
| Government review/selection notification | ~90 days after close |
| Contract negotiation and award | 1–3 months post-selection |
| **Total: Topic open → first dollar** | **~6–9 months** |

Phase I contracts are **Firm Fixed Price (FFP)**, typically $250,000–$300,000 over 6–12 months. FFP means no DCAA involvement required at Phase I.

Sources: [DARPA SBIR/STTR Overview](https://www.darpa.mil/work-with-us/communities/small-business/sbir-sttr-overview) | [DARPA SBIR FAQ Dec 2024](https://www.darpa.mil/sites/default/files/attachment/2024-12/darpa-sbir-sttr-contracting-faq.pdf)

### 2.2 Phase II: Timeline and Award Size

Phase II is structured as **Cost Plus Fixed Fee (CPFF)**, up to $1.8M–$1.91M over 24–36 months. There is no automatic right to Phase II — you must separately apply and be selected.

**Timeline from first proposal to Phase II first dollar:** 18–30 months

For comparison, **DARPA Microsystems Exploration (μE)** can award $2M OTA contracts within 120 days of topic announcement — significantly faster.

**Air Force STRATFI/TACFI Bridge Programs:**
For companies that have completed Phase II, AFWERX's STRATFI ($3M–$15M) and TACFI ($375K–$2M) programs bridge the "valley of death" to commercialization.

Sources: [AFVentures STRATFI/TACFI 2024](https://www.afrl.af.mil/News/Article-Display/Article/3491081/afventures-launches-2024-stratfitacfi-notice-of-opportunity/) | [AFWERX overview](https://afwerx.com/divisions/ventures/stratfi-tacfi/)

### 2.3 Administrative and Compliance Burden

**Phase I (FFP): Minimal burden**
- Standard commercial bookkeeping (QuickBooks) sufficient
- No DCAA involvement required
- 3 milestone payments typical

**Phase II (CPFF): Significant overhead**

Before Phase II award, the government requires a **DCAA Pre-Award Accounting System Survey** evaluating 10 SF1408 requirements including direct/indirect cost segregation, timekeeping, labor distribution, and unallowable cost exclusion.

**Practical overhead estimate for a small company:**
- DCAA-compliant accounting setup: $5,000–$20,000 upfront + $1,000–$3,000/month ongoing
- Tools required: Deltek, JAMIS, or Unanet
- Staff time overhead: 5–15% of billable hours devoted to compliance documentation
- Gross margin cap: CPFF "plus" is typically limited to 7–12% of estimated costs — far below commercial software margins

Sources: [Reliascent](https://www.reliascent.com/blog/SBIR-Awards-and-DCAA-Compliant-Accounting-Systems) | [Team 80](https://team-80.com/blog/navy-sbir-accounting-guide/) | [SBIR Basics](https://sbirbasics.com/2025/10/understand-the-key-differences-when-accounting-for-sbir-phase-i-and-phase-ii-awards/)

### 2.4 Other Transaction Authority (OTA) — Reduces Overhead Substantially

**OTAs bypass the Federal Acquisition Regulation (FAR)**, eliminating DCAA accounting systems, Cost Accounting Standards, and many standard contract clauses:
- Over 60% of 2024 OTA awards went to non-traditional companies (startups without prior DoD contract history)
- Average time-to-award through OTA consortia (e.g., NSTXL): **120 days or less**
- DARPA explicitly uses OT authority for Microsystems Exploration and other programs

**Caveat:** OTAs require at least one of: (a) meaningful involvement of a non-traditional contractor, (b) ≥1/3 cost-sharing by performers, or (c) exceptional circumstances. For a startup with no prior CPFF contracts, condition (a) is easily met.

Sources: [AcqNotes](https://acqnotes.com/acqnote/careerfields/other-transaction-authority-ota) | [NSTXL](https://nstxl.org/otas-in-government-contracting/) | [Inside Government Contracts](https://www.insidegovernmentcontracts.com/2024/09/dod-rolls-out-proposed-changes-to-prototype-ota-regulations/)

### 2.5 Support Ecosystems for Startups

**DARPA's Own Programs:**
- **Embedded Entrepreneurship Initiative (EEI):** Since 2022, EEI helped DARPA performers raise over $1 billion in private investment and launch 21+ new products. New EEI Proposers Day announced February 2025.
- **5 Regional Commercial Accelerators (Aug 2024):** DARPA selected Capital Factory (Austin), CIMIT at MGH, FedTech, SRI International, and Wireless Research Center NC to provide investor access, mentoring, and market mapping. Source: [DARPA announcement](https://www.darpa.mil/news/2024/regional-commercial-accelerators)
- **DARPA Toolbox Initiative:** Pre-negotiated access to EDA tools (Synopsys, SiFive, Verific, Cycuity) for DARPA-funded programs. Source: [DARPA Toolbox SiFive](https://www.darpa.mil/work-with-us/darpa-toolbox-initiative/sifive)

**External Ecosystems:**
- **Dcode:** Federal market accelerator, 300+ companies, 40+ unicorns. Source: [Dcode](https://dcode.co/newsletter/august-2025-the-dcode-debrief/)
- **AFWERX/AFVentures:** Air Force commercial innovation arm managing STRATFI/TACFI
- **SBIR specialists:** Team 80, Science Docs, Redstone GCI specialize in SBIR proposals and compliance for small companies

---

## Part 3: Case Studies — EDA/Semiconductor Tooling Startups Using Government Funding to Build Proprietary Data Assets

### 3.1 The Origin: Synopsys, Cadence, Mentor Graphics (1978–1990s)

**DARPA's VLSI Project (1978)** funded university teams at Berkeley, Stanford, CMU, and MIT to develop foundational EDA concepts. The commercial EDA industry emerged directly:

- **Cadence** (founded 1983–1987): Co-founder Alberto Sangiovanni-Vincentelli was a Berkeley professor heavily supported by DARPA VLSI funding. Cadence's earliest tools were commercialized versions of DARPA-funded research.
- **Synopsys** (founded 1986): De Geus developed logic synthesis technology with CMU connections rooted in the DARPA VLSI era. Synopsys reached $7.3M revenue by 1989, IPO'd 1992. **This is the canonical model: government-funded foundational R&D → proprietary commercial tooling.**
- **Mentor Graphics** (spun out of Tektronix 1984): Similarly commercialized government-funded university research concepts.

**What worked:** University labs generated IP with government funding; founders took it commercial with clean IP rights via standard technology transfer. The government data/tools became the foundation for proprietary improvements.

**What didn't work (later):** By the 2000s, EDA oligopoly consolidation made new entry nearly impossible. DARPA explicitly funded open-source EDA to break this grip.

Sources: [Wikipedia VLSI](https://en.wikipedia.org/wiki/VLSI_Project) | [EEJournal EDA History](https://www.eejournal.com/article/a-brief-and-personal-history-of-eda-part-4-cadence-synopsys-and-mentor-graphics-the-eda-era/) | [DataGravity](https://www.datagravity.dev/p/synopsys-and-cadence-the-160b-unsung) | [Defense Media Network](https://www.defensemedianetwork.com/stories/the-intertwined-history-of-darpa-and-moores-law/)

---

### 3.2 OpenROAD / Precision Innovations Inc. (PII): The Modern DARPA-to-Commercial Model (2018–2024)

**Origin:** Launched June 2018 under DARPA's IDEA program (ERI) with $17.2M, led by UC San Diego. Over five years produced a complete RTL-to-GDSII open-source EDA flow validated in 600+ tapeouts on Google OpenMPW/Efabless shuttle programs.

**The Commercialization Transition:**
DARPA funding ended December 31, 2023. With EEI assistance, **Precision Innovations Inc. (PII)** was established as the commercial steward. PII offers paid commercial support contracts — a Red Hat-like model: open-source tools, proprietary support/services. The OpenROAD Initiative (501(c)(3)) was established February 2023.

**What worked:**
- Government money built the "data moat" (design knowledge, tested flows, PDK integrations)
- IP clearly owned by UC San Diego / performers with open-source licensing ensuring community adoption
- EEI helped connect founders to commercial pathways before funding ended
- 600+ design tapeouts created real-world validation data

**What didn't work / risks:**
- Open-source means no proprietary code lock-in — the moat is in support, customization, and team knowledge only
- The community can fork, reducing leverage
- PII's commercial revenue model is unproven at scale vs. closed-source EDA incumbents

Sources: [OpenROAD Project](https://theopenroadproject.org/) | [UCSD Today](https://today.ucsd.edu/story/open-source-semiconductor-chip-design-tool-celebrates-success) | [Precision Innovations 2024](https://precisioninno.com/wp-content/uploads/2025/02/OpenROAD-in-2024_-Expanding-adoption-sustaining-ecosystems-improving-PPA.pdf)

---

### 3.3 Tortuga Logic → Cycuity: Hardware Security EDA with DARPA Support → Acquisition

**Origin:** Founded 2014 at EvoNexus incubator. Received multiple NSF SBIR grants; in 2018, a DARPA SSITH contract to develop hardware security verification tools; in March 2021, a DARPA Toolbox Initiative licensing agreement making its **Radix platform** available to all DARPA-funded programs.

**Commercial Path:**
- Xilinx licensed Radix for FPGA hardware security verification
- Rebranded as **Cycuity**, grew to serve commercial chip designers with pre-silicon security verification

**The Exit:** December 2025, **Cycuity was acquired by Arteris** — a successful exit validating that hardware security tooling built with government support can become commercially acquirable IP.

**What worked:**
- Government contracts (NSF SBIR + DARPA SSITH) de-risked early product development when commercial customers were scarce
- DARPA Toolbox gave market penetration — hundreds of DARPA program teams became product users
- IP rights retained by the company (not government) under SBIR data rights rules
- Commercial product was clearly distinct from government-contracted work

**What didn't work / risks:**
- Early revenue was predominantly government-dependent (customer concentration)
- Hardware security EDA market is small; exit required acquisition, not IPO

Sources: [Cycuity](https://cycuity.com/company/) | [DARPA Toolbox announcement](https://www.prnewswire.com/news-releases/tortuga-logic-and-darpa-extend-partnership-through-the-darpa-toolbox-initiative-301257973.html) | [DARPA SSITH partnership](https://www.businesswire.com/news/home/20180404005040/en/Tortuga-Logic-Develop-Hardware-Security-Solutions-Support)

---

### 3.4 EnCharge AI: DARPA ERI → $144M Venture-Backed Startup

**Origin:** DARPA ERI grants received by Princeton professor Naveen Verma starting 2017, including an $8.3M effort on non-volatile memory devices. Total government support reached $18.6M from DoD.

**Company Formation:** Verma co-founded EnCharge in 2022, spinning analog in-memory computing technology out of his Princeton lab.

**Fundraising:**
- $22.6M raised (Dec 2023)
- $100M+ Series (Feb 2025), led by Tiger Global with participation from In-Q-Tel, RTX Ventures, Samsung, and Foxconn
- Total: $144M+

**What worked:**
- DARPA ERI funding built core IP over 5+ years with no dilution
- Government validation ($18.6M DoD grant) signaled technical credibility to commercial investors
- Dual-use technology (defense AI inference + commercial AI inference) prevented customer concentration

**What didn't work / risks:**
- Long development cycle (2017 research → 2022 incorporation → product TBD) is capital-intensive
- At-scale analog chip production requires manufacturing relationships taking years to build

Sources: [TechCrunch $100M](https://techcrunch.com/2025/02/13/encharge-raises-100m-to-accelerate-ai-using-analog-chips/) | [Fast Company](https://www.fastcompany.com/91278505/encharge-ai-banks-100-million-for-its-energy-slashing-analog-chips) | [Princeton $18.6M DoD](https://www.princeton.edu/news/2024/03/06/new-chip-built-ai-workloads-attracts-18m-government-funding-revolutionary-tech)

---

### 3.5 DARPA EEI Aggregate Results

Since 2022:
- DARPA performers raised **over $1 billion** in private investment
- **21+ new products, services, and capabilities** launched
- U.S. corporations invested **$639M** acquiring DARPA early-stage technologies
- 30 pre-seed teams → $100M raised in first 2 years of EEI pilot

Source: [DARPA Regional Accelerators 2024](https://www.darpa.mil/news/2024/regional-commercial-accelerators) | [EEI Federal News Network](https://federalnewsnetwork.com/defense-main/2022/06/darpas-embedded-entrepreneurship-initiative-fosters-innovation-ecosystem-not-just-innovations/)

---

## Part 4: IP Ownership, Data Rights, and Key Pitfalls

### 4.1 What a Startup Owns Under SBIR

Under SBIR, **small businesses retain ownership of IP they develop**. The government receives only a limited license for internal government purposes — no commercial rights. Key rules:

- **20-year SBIR data rights protection period** for technical data and computer software
- Government's license is "government purposes only" — cannot give data to competitors or use commercially
- **December 2024 DFARS rule changes** (DFARS Case 2019-D043): contracting officers are now **prohibited** from requiring offerors to relinquish SBIR/STTR data rights — a significant protection for startups

**The upshot:** A company that develops a proprietary failure analysis dataset or post-silicon validation tool under SBIR funding **owns that data** and can commercialize freely, subject to proper marking and 20-year protection window.

Sources: [Martensenip.com](https://www.martensenip.com/blog/2024/november/sbir-vs-sttr-understanding-ip-rights-in-both-pro/) | [DFARS Rule Dec 2024](https://www.federalregister.gov/documents/2024/12/18/2024-29226/defense-federal-acquisition-regulation-supplement-small-business-innovation-research-program-data) | [DoD SBIR Data Rights](https://www.defensesbirsttr.mil/Data-Rights/)

### 4.2 What Worked in Successful Transitions

1. **Dual-use technology** from the start — build for both government and commercial use cases simultaneously
2. **IP generated at universities** (EnCharge, OpenROAD) has cleaner commercialization paths than IP generated under direct DARPA company contracts
3. **DARPA Toolbox and EEI** as distribution and commercialization vehicles — far underutilized by most DARPA performers
4. **Phase I FFP** allows low-overhead pilot work to validate a market; treat it as a paid customer discovery engagement, not a pure research grant
5. **Retain SBIR data rights counsel** from day one; the markings regime is procedural but critical and irreversible if missed

### 4.3 Key Failure Modes

**1. The Cost-Plus Trap**
Phase II CPFF contracts lock companies into cost-accounting mindsets incompatible with commercial software pricing. Companies that grow dependent on cost-plus revenue struggle to pivot to SaaS or per-seat models, which require fundamentally different accounting, sales, and margin structures.

**2. Valley of Death — Phase III**
Only ~5% of companies graduate from Phase II to Phase III. Phase III has **no dedicated SBIR funding** — companies must find commercial contracts or DoD program-of-record funding independently. Without a clear Phase III customer lined up during Phase II, companies often exhaust funding just as their product matures.

Sources: [NCBI SBIR Phase III](https://www.ncbi.nlm.nih.gov/books/NBK11392/) | [Long Capture STRATFI/TACFI](https://www.longcapture.com/blog/the-valley-of-death-and-the-opportunities-stratfi-tacfi-provides-to-fill-this-gap)

**3. Customer Concentration**
Government-only revenue creates existential risk. Budget cycles, spending cuts, and program cancellations can zero revenue overnight. The most resilient companies use government funding to build the product and commercial customers to generate revenue.

**4. EDA License Payment Cliff** (specific risk for this domain)
EDA startups receive subsidized Synopsys/Cadence tool access until a Series A or revenue threshold is hit. Once crossed, full license payments trigger — potentially breaking Series A unit economics.

Source: [Semiconductor Engineering](https://semiengineering.com/startup-challenges-in-a-changing-eda-world/)

**5. IP Marking Failures**
Companies that fail to apply SBIR data rights markings to deliverables can inadvertently grant the government unlimited rights to technical data. This is irreversible.

**6. DARPA PM Turnover**
DARPA PMs rotate every 3–5 years. A company whose contract is tightly aligned to one PM's vision can lose momentum when that PM departs.

---

## Summary: Key Funding Vehicles for a Silicon Reliability / Post-Silicon Validation Startup

| Program | Agency | Relevance | Award Size | Startup Access |
|---|---|---|---|---|
| CHIPS Metrology SBIR | NIST/Commerce | **Direct** — assurance, provenance tools | Phase I ~$283K; Phase II ~$1.9M | **High** — open SBIR |
| DARPA Microsystems Exploration (μE) | DARPA MTO | Medium — novel microsystems incl. test/validation | Up to $2M, 24 months | **High** — rolling OTA |
| DARPA ASSERT | DARPA MTO | **Direct** — radiation testing of advanced electronics | ~$10–18M/performer | Low — prime contracts |
| DARPA SBIR (quarterly) | DARPA | Variable by topic | Phase I ~$250K; Phase II ~$1.8M | **High** — open SBIR |
| NSF SBIR (Semiconductors) | NSF | IC design, metrology, sensors | Phase I ~$300K; Phase II ~$1.25M | **High** — open SBIR |
| DARPA TTO BAA 2025 | DARPA TTO | Medium — testing/validation in defense context | Variable ~$1–5M | Medium — full proposal |
| AFRL ATMS / Trusted Microelectronics | AFRL | **Direct** — post-silicon trusted validation | ~$3–16M range | Medium — prime/sub |
| STRATFI/TACFI | AFWERX | Bridge funding post-Phase II | $375K–$15M | Medium — needs prior Phase II |

---

## Key Conclusions

1. **Best near-term on-ramp** for a 2–5 person startup in post-silicon validation tooling: **CHIPS Metrology SBIR** (NIST, just relaunched) and **DARPA Microsystems Exploration** (rolling, OTA-based, up to $2M, 120-day award timeline). Both explicitly welcome non-traditional contractors.

2. **SBIR was just reauthorized** through FY2031 (March 2026) — removing the freeze that had stopped solicitations since October 2025. Expect new solicitations imminently.

3. **The canonical model works** (Synopsys/Cadence lineage → Cycuity → EnCharge): government funding builds IP and validates technology; commercial customers then generate real revenue. The pattern succeeds when IP ownership is unambiguous and dual-use technology serves both defense and commercial markets from day one.

4. **Primary failure mode:** Becoming a "government contractor" trapped in cost-plus accounting and single-customer revenue. Treat Phase I/II as product development funding with commercial launch as the exit condition, not as a sustainable business model.

5. **OTA agreements** (especially DARPA μE) offer meaningfully lower overhead than FAR-based contracts and should be prioritized wherever possible.

6. **DARPA Toolbox** is a highly underutilized distribution channel — if Fourier can get its tools listed on the Toolbox, it instantly reaches hundreds of active DARPA program teams with no sales effort.
