# Mission Feedback: research-fourier-data-moat-viability

---

## **Unanswered Questions That Would Change the Conclusion**

### 1. **Customer Data Aggregation Feasibility**  
- **Key Question:** Will semiconductor companies (e.g., Kandou AI, Montage, Alphawave Semi) agree to share labeled failure data with Fourier for cross-customer aggregation?  
- **Why It Matters:** The pivot relies on aggregating 1,000+ labeled examples from 10+ customers. If companies refuse to share proprietary data, the synthetic data + RAG approach becomes unviable.  

### 2. **DARPA Program Openness**  
- **Key Question:** Is the DARPA "AI for Science" program (or similar) open to proposals for synthetic data generation tools for post-silicon validation?  
- **Why It Matters:** A DARPA grant could provide funding, data, and credibility to accelerate the synthetic data pipeline. If the program is closed or irrelevant, Fourier must rely solely on customer-paid pilots.  

### 3. **Technical Validation of Synthetic Data**  
- **Key Question:** Has the specific synthetic data generation approach (e.g., gem5-CXL simulators, Cadence VIP) been validated for post-silicon validation use cases?  
- **Why It Matters:** If the synthetic data lacks fidelity to real-world failures, the SSL pre-training and RAG systems will fail to generalize.  

---

## **Unverified Assumptions in the Minimum Viable Pivot**

### 1. **Customer Aggregation as a Data Moat**  
- **Assumption:** Semiconductor companies will prioritize tooling efficiency over data privacy, enabling Fourier to aggregate labeled failures.  
- **Risk:** If companies refuse to share data (due to IP concerns or competition), Fourier cannot scale its labeled corpus, and the RAG workflow becomes a generic tool without defensibility.  

### 2. **Incumbent Replication Resistance**  
- **Assumption:** Workflow automation with RAG + spec-checklist integration is defensible against incumbents like Keysight/Synopsys.  
- **Risk:** If incumbents can replicate the tool in 6–12 months, Fourier’s first-mover advantage collapses, and the PCIe 6.0 TAM becomes a crowded, low-margin space.  

### 3. **PCIe 6.0 TAM Urgency**  
- **Assumption:** 20–35 teams with PCIe 6.0 bring-up needs will pay for a PoC with a clear KPI (e.g., reducing time-to-pass link training).  
- **Risk:** If teams prioritize free tools (e.g., bundled with Astera/Microchip) or delay adoption, the paid PoC timeline (12 months) becomes unfeasible.  

---

## **Most Efficient Experiment to Resolve the Largest Uncertainty**

### **Experiment: Customer PoC with Data Aggregation Incentive**  
- **Action:** Propose a paid pilot to a Tier-2 semiconductor company (e.g., Kandou AI) with two conditions:  
  1. **Data Sharing Incentive:** Offer a revenue-sharing model or IP co-ownership for aggregated data.  
  2. **Tool Demo:** Showcase the RAG + spec-checklist workflow’s ability to reduce time-to-pass link training by 70% (as a KPI).  
- **Why It’s Efficient:**  
  - Directly tests customer willingness to share data (answering Question 1).  
  - Validates the PoC structure (answering Question 3).  
  - If successful, creates a flywheel for data aggregation and secures a paid customer.  

---

## **Follow-Up Mission: research-fourier-data-moat-viability-next**

```json
{
  "tasks": [
    {
      "id": "task-customer-data-agreement",
      "title": "Test Customer Willingness to Share Labeled Data",
      "description": "Engage with 3–5 semiconductor companies (e.g., Kandou AI, Montage) to gauge interest in sharing labeled post-silicon validation failures for Fourier’s synthetic data pipeline. Propose a revenue-sharing or IP co-ownership model.",
      "deliverable": "Signed NDA + data-sharing agreement or rejection rationale from target companies."
    },
    {
      "id": "task-darpa-program-validation",
      "title": "Validate DARPA Program Openness for Synthetic Data Tools",
      "description": "Research the eligibility criteria and submission process for DARPA’s 'AI for Science' program. Determine if Fourier’s synthetic data generation approach aligns with the program’s goals.",
      "deliverable": "Report on DARPA program accessibility and potential alignment with Fourier’s mission."
    },
    {
      "id": "task-synthetic-data-validation",
      "title": "Validate Synthetic Data Fidelity for Post-Silicon Validation",
      "description": "Run a controlled experiment comparing the performance of an SSL model trained on synthetic data (from gem5-CXL/Cadence VIP) vs. real labeled data. Measure accuracy on a hidden test set of real-world failures.",
      "deliverable": "Accuracy comparison report and recommendation for synthetic data pipeline adjustments."
    },
    {
      "id": "task-poc-structure-test",
      "title": "Design and Propose a Paid PoC for PCIe 6.0 Bring-Up",
      "description": "Draft a proposal for a paid pilot with a Tier-2 semiconductor company, including KPIs (e.g., 70% reduction in time-to-pass link training) and a revenue-sharing data-aggregation model.",
      "deliverable": "PoC proposal document and outreach to 2–3 target companies."
    }
  ]
}
```
